dataset/UK housing/kingston-upon-thames.csv
"Name","URI","Region GSS code","Period","Sales volume","Reporting period","Average price All property types","Average price Detached houses","Average price Semi-detached houses","Average price Terraced houses","Average price Flats and maisonettes","Pivotable date"
Kingston upon Thames,http://landregistry.data.gov.uk/id/region/kingston-upon-thames,E09000021,2004-01,304,monthly,235488,450021,295574,215203,184955,2004-01-01
Kingston upon Thames,http://landregistry.data.gov.uk/id/region/kingston-upon-thames,E09000021,2004-02,296,monthly,237659,453772,297902,217431,186659,2004-02-01
Kingston upon Thames,http://landregistry.data.gov.uk/id/region/kingston-upon-thames,E09000021,2004-03,353,monthly,239521,457736,299673,219409,187963,2004-03-01
Kingston upon Thames,http://landregistry.data.gov.uk/id/region/kingston-upon-thames,E09000021,2004-04,410,monthly,242238,458749,302526,222871,190192,2004-04-01
Kingston upon Thames,http://landregistry.data.gov.uk/id/region/kingston-upon-thames,E09000021,2004-05,361,monthly,245145,458799,305506,226339,192796,2004-05-01
Kingston upon Thames,http://landregistry.data.gov.uk/id/region/kingston-upon-thames,E09000021,2004-06,345,monthly,247341,459806,308189,228602,194685,2004-06-01
Kingston upon Thames,http://landregistry.data.gov.uk/id/region/kingston-upon-thames,E09000021,2004-07,422,monthly,251907,468659,314701,232957,197907,2004-07-01
Kingston upon Thames,http://landregistry.data.gov.uk/id/region/kingston-upon-thames,E09000021,2004-08,318,monthly,254989,477718,318758,235806,199993,2004-08-01
Kingston upon Thames,http://landregistry.data.gov.uk/id/region/kingston-upon-thames,E09000021,2004-09,303,monthly,253122,477315,317385,234110,197933,2004-09-01
Kingston upon Thames,http://landregistry.data.gov.uk/id/region/kingston-upon-thames,E09000021,2004-10,297,monthly,252908,475510,315657,233500,198560,2004-10-01
Kingston upon Thames,http://landregistry.data.gov.uk/id/region/kingston-upon-thames,E09000021,2004-11,230,monthly,248400,465374,309784,229337,195239,2004-11-01
Kingston upon Thames,http://landregistry.data.gov.uk/id/region/kingston-upon-thames,E09000021,2004-12,259,monthly,248371,461844,308538,229520,195829,2004-12-01
Kingston upon Thames,http://landregistry.data.gov.uk/id/region/kingston-upon-thames,E09000021,2005-01,163,monthly,245040,456130,303988,226582,193253,2005-01-01
Kingston upon Thames,http://landregistry.data.gov.uk/id/region/kingston-upon-thames,E09000021,2005-02,170,monthly,244935,457246,304399,226337,192915,2005-02-01
Kingston upon Thames,http://landregistry.data.gov.uk/id/region/kingston-upon-thames,E09000021,2005-03,224,monthly,246080,460339,306167,227585,193547,2005-03-01
Kingston upon Thames,http://landregistry.data.gov.uk/id/region/kingston-upon-thames,E09000021,2005-04,290,monthly,247395,461047,308495,229305,194275,2005-04-01
Kingston upon Thames,http://landregistry.data.gov.uk/id/region/kingston-upon-thames,E09000021,2005-05,247,monthly,254013,471379,316041,235863,199740,2005-05-01
Kingston upon Thames,http://landregistry.data.gov.uk/id/region/kingston-upon-thames,E09000021,2005-06,285,monthly,252876,467422,314335,235375,198892,2005-06-01
Kingston upon Thames,http://landregistry.data.gov.uk/id/region/kingston-upon-thames,E09000021,2005-07,297,monthly,256554,475795,319698,239074,201264,2005-07-01
Kingston upon Thames,http://landregistry.data.gov.uk/id/region/kingston-upon-thames,E09000021,2005-08,361,monthly,253237,471277,315793,236487,198256,2005-08-01
Kingston upon Thames,http://landregistry.data.gov.uk/id/region/kingston-upon-thames,E09000021,2005-09,315,monthly,256960,481564,321233,240013,200581,2005-09-01
Kingston upon Thames,http://landregistry.data.gov.uk/id/region/kingston-upon-thames,E09000021,2005-10,303,monthly,252041,471534,314140,235240,197223,2005-10-01
Kingston upon Thames,http://landregistry.data.gov.uk/id/region/kingston-upon-thames,E09000021,2005-11,273,monthly,253615,473195,316379,236705,198456,2005-11-01
Kingston upon Thames,http://landregistry.data.gov.uk/id/region/kingston-upon-thames,E09000021,2005-12,286,monthly,251130,464485,312076,234299,197327,2005-12-01
Kingston upon Thames,http://landregistry.data.gov.uk/id/region/kingston-upon-thames,E09000021,2006-01,283,monthly,255200,473329,317349,238564,200166,2006-01-01
Kingston upon Thames,http://landregistry.data.gov.uk/id/region/kingston-upon-thames,E09000021,2006-02,298,monthly,253180,469362,314226,236550,198981,2006-02-01
Kingston upon Thames,http://landregistry.data.gov.uk/id/region/kingston-upon-thames,E09000021,2006-03,318,monthly,254284,475033,316642,238018,199007,2006-03-01
Kingston upon Thames,http://landregistry.data.gov.uk/id/region/kingston-upon-thames,E09000021,2006-04,297,monthly,254843,474598,316898,238864,199643,2006-04-01
Kingston upon Thames,http://landregistry.data.gov.uk/id/region/kingston-upon-thames,E09000021,2006-05,339,monthly,258061,481825,321105,242011,201885,2006-05-01
Kingston upon Thames,http://landregistry.data.gov.uk/id/region/kingston-upon-thames,E09000021,2006-06,350,monthly,264705,493852,329110,248323,207200,2006-06-01
Kingston upon Thames,http://landregistry.data.gov.uk/id/region/kingston-upon-thames,E09000021,2006-07,400,monthly,266619,498701,332369,250368,208070,2006-07-01
Kingston upon Thames,http://landregistry.data.gov.uk/id/region/kingston-upon-thames,E09000021,2006-08,438,monthly,271132,507181,338417,255246,211111,2006-08-01
Kingston upon Thames,http://landregistry.data.gov.uk/id/region/kingston-upon-thames,E09000021,2006-09,405,monthly,270980,508936,338800,254919,210617,2006-09-01
Kingston upon Thames,http://landregistry.data.gov.uk/id/region/kingston-upon-thames,E09000021,2006-10,384,monthly,275061,516822,343481,258479,214078,2006-10-01
Kingston upon Thames,http://landregistry.data.gov.uk/id/region/kingston-upon-thames,E09000021,2006-11,352,monthly,274154,515371,342522,257498,213329,2006-11-01
Kingston upon Thames,http://landregistry.data.gov.uk/id/region/kingston-upon-thames,E09000021,2006-12,361,monthly,277785,520715,346321,261324,216440,2006-12-01
Kingston upon Thames,http://landregistry.data.gov.uk/id/region/kingston-upon-thames,E09000021,2007-01,262,monthly,278832,523309,348115,262293,216986,2007-01-01
Kingston upon Thames,http://landregistry.data.gov.uk/id/region/kingston-upon-thames,E09000021,2007-02,294,monthly,284563,534282,354758,266965,221870,2007-02-01
Kingston upon Thames,http://landregistry.data.gov.uk/id/region/kingston-upon-thames,E09000021,2007-03,348,monthly,289235,544423,361261,271620,224963,2007-03-01
Kingston upon Thames,http://landregistry.data.gov.uk/id/region/kingston-upon-thames,E09000021,2007-04,344,monthly,294524,553097,367071,277326,229202,2007-04-01
Kingston upon Thames,http://landregistry.data.gov.uk/id/region/kingston-upon-thames,E09000021,2007-05,350,monthly,299721,560693,372966,282982,233358,2007-05-01
Kingston upon Thames,http://landregistry.data.gov.uk/id/region/kingston-upon-thames,E09000021,2007-06,354,monthly,304342,568881,378401,287274,237140,2007-06-01
Kingston upon Thames,http://landregistry.data.gov.uk/id/region/kingston-upon-thames,E09000021,2007-07,396,monthly,310981,584196,387658,293181,241829,2007-07-01
Kingston upon Thames,http://landregistry.data.gov.uk/id/region/kingston-upon-thames,E09000021,2007-08,388,monthly,316737,598571,396030,299230,245312,2007-08-01
Kingston upon Thames,http://landregistry.data.gov.uk/id/region/kingston-upon-thames,E09000021,2007-09,341,monthly,321174,610146,402417,302739,248430,2007-09-01
Kingston upon Thames,http://landregistry.data.gov.uk/id/region/kingston-upon-thames,E09000021,2007-10,341,monthly,324522,617020,405490,305528,251543,2007-10-01
Kingston upon Thames,http://landregistry.data.gov.uk/id/region/kingston-upon-thames,E09000021,2007-11,303,monthly,324972,619735,405658,304910,252287,2007-11-01
Kingston upon Thames,http://landregistry.data.gov.uk/id/region/kingston-upon-thames,E09000021,2007-12,189,monthly,325149,616895,404664,305284,253068,2007-12-01
Kingston upon Thames,http://landregistry.data.gov.uk/id/region/kingston-upon-thames,E09000021,2008-01,159,monthly,321799,613035,400882,301925,250191,2008-01-01
Kingston upon Thames,http://landregistry.data.gov.uk/id/region/kingston-upon-thames,E09000021,2008-02,163,monthly,321374,612923,401042,301772,249461,2008-02-01
Kingston upon Thames,http://landregistry.data.gov.uk/id/region/kingston-upon-thames,E09000021,2008-03,160,monthly,317365,608541,397214,298536,245435,2008-03-01
Kingston upon Thames,http://landregistry.data.gov.uk/id/region/kingston-upon-thames,E09000021,2008-04,179,monthly,318958,612922,399836,301002,245902,2008-04-01
Kingston upon Thames,http://landregistry.data.gov.uk/id/region/kingston-upon-thames,E09000021,2008-05,182,monthly,315910,606917,396225,298500,243333,2008-05-01
Kingston upon Thames,http://landregistry.data.gov.uk/id/region/kingston-upon-thames,E09000021,2008-06,157,monthly,320612,615948,402501,302975,246795,2008-06-01
Kingston upon Thames,http://landregistry.data.gov.uk/id/region/kingston-upon-thames,E09000021,2008-07,161,monthly,317350,609542,399495,299440,244061,2008-07-01
Kingston upon Thames,http://landregistry.data.gov.uk/id/region/kingston-upon-thames,E09000021,2008-08,139,monthly,313744,603963,395266,295521,241247,2008-08-01
Kingston upon Thames,http://landregistry.data.gov.uk/id/region/kingston-upon-thames,E09000021,2008-09,111,monthly,305354,591900,384654,286978,234674,2008-09-01
Kingston upon Thames,http://landregistry.data.gov.uk/id/region/kingston-upon-thames,E09000021,2008-10,124,monthly,297327,575479,373037,278506,229547,2008-10-01
Kingston upon Thames,http://landregistry.data.gov.uk/id/region/kingston-upon-thames,E09000021,2008-11,72,monthly,291456,565162,365441,272857,225064,2008-11-01
Kingston upon Thames,http://landregistry.data.gov.uk/id/region/kingston-upon-thames,E09000021,2008-12,80,monthly,283509,547308,355494,265845,218984,2008-12-01
Kingston upon Thames,http://landregistry.data.gov.uk/id/region/kingston-upon-thames,E09000021,2009-01,90,monthly,275113,533234,345329,257717,212254,2009-01-01
Kingston upon Thames,http://landregistry.data.gov.uk/id/region/kingston-upon-thames,E09000021,2009-02,68,monthly,261903,505804,328700,244799,202629,2009-02-01
Kingston upon Thames,http://landregistry.data.gov.uk/id/region/kingston-upon-thames,E09000021,2009-03,90,monthly,251763,485210,315685,234649,195384,2009-03-01
Kingston upon Thames,http://landregistry.data.gov.uk/id/region/kingston-upon-thames,E09000021,2009-04,112,monthly,248155,473191,311235,232109,192883,2009-04-01
Kingston upon Thames,http://landregistry.data.gov.uk/id/region/kingston-upon-thames,E09000021,2009-05,157,monthly,253003,481097,317149,237815,196328,2009-05-01
Kingston upon Thames,http://landregistry.data.gov.uk/id/region/kingston-upon-thames,E09000021,2009-06,121,monthly,255067,484687,320091,240776,197229,2009-06-01
Kingston upon Thames,http://landregistry.data.gov.uk/id/region/kingston-upon-thames,E09000021,2009-07,222,monthly,261318,499213,329295,247320,200514,2009-07-01
Kingston upon Thames,http://landregistry.data.gov.uk/id/region/kingston-upon-thames,E09000021,2009-08,175,monthly,268167,515557,339358,254036,204305,2009-08-01
Kingston upon Thames,http://landregistry.data.gov.uk/id/region/kingston-upon-thames,E09000021,2009-09,204,monthly,277842,535847,352308,263165,211022,2009-09-01
Kingston upon Thames,http://landregistry.data.gov.uk/id/region/kingston-upon-thames,E09000021,2009-10,195,monthly,282397,546136,358353,267447,214118,2009-10-01
Kingston upon Thames,http://landregistry.data.gov.uk/id/region/kingston-upon-thames,E09000021,2009-11,211,monthly,283163,548001,358764,269123,214472,2009-11-01
Kingston upon Thames,http://landregistry.data.gov.uk/id/region/kingston-upon-thames,E09000021,2009-12,221,monthly,283400,546893,359124,270330,214348,2009-12-01
Kingston upon Thames,http://landregistry.data.gov.uk/id/region/kingston-upon-thames,E09000021,2010-01,167,monthly,289691,560126,368448,276876,217900,2010-01-01
Kingston upon Thames,http://landregistry.data.gov.uk/id/region/kingston-upon-thames,E09000021,2010-02,168,monthly,286628,555331,366358,273674,214529,2010-02-01
Kingston upon Thames,http://landregistry.data.gov.uk/id/region/kingston-upon-thames,E09000021,2010-03,181,monthly,295871,576290,378625,281510,221050,2010-03-01
Kingston upon Thames,http://landregistry.data.gov.uk/id/region/kingston-upon-thames,E09000021,2010-04,191,monthly,295162,573447,376876,280685,221148,2010-04-01
Kingston upon Thames,http://landregistry.data.gov.uk/id/region/kingston-upon-thames,E09000021,2010-05,152,monthly,306282,594272,389884,291106,230192,2010-05-01
Kingston upon Thames,http://landregistry.data.gov.uk/id/region/kingston-upon-thames,E09000021,2010-06,234,monthly,302788,587128,385722,288366,227227,2010-06-01
Kingston upon Thames,http://landregistry.data.gov.uk/id/region/kingston-upon-thames,E09000021,2010-07,223,monthly,310333,606623,395549,295974,232038,2010-07-01
Kingston upon Thames,http://landregistry.data.gov.uk/id/region/kingston-upon-thames,E09000021,2010-08,236,monthly,313366,614062,401182,299056,233226,2010-08-01
Kingston upon Thames,http://landregistry.data.gov.uk/id/region/kingston-upon-thames,E09000021,2010-09,213,monthly,318736,628484,408799,304129,236444,2010-09-01
Kingston upon Thames,http://landregistry.data.gov.uk/id/region/kingston-upon-thames,E09000021,2010-10,183,monthly,312668,615119,401695,298252,231828,2010-10-01
Kingston upon Thames,http://landregistry.data.gov.uk/id/region/kingston-upon-thames,E09000021,2010-11,190,monthly,309684,610605,396949,294834,230123,2010-11-01
Kingston upon Thames,http://landregistry.data.gov.uk/id/region/kingston-upon-thames,E09000021,2010-12,200,monthly,310512,611279,398486,295196,230811,2010-12-01
Kingston upon Thames,http://landregistry.data.gov.uk/id/region/kingston-upon-thames,E09000021,2011-01,138,monthly,315323,624929,404875,299095,234096,2011-01-01
Kingston upon Thames,http://landregistry.data.gov.uk/id/region/kingston-upon-thames,E09000021,2011-02,142,monthly,311584,622053,400377,295110,230859,2011-02-01
Kingston upon Thames,http://landregistry.data.gov.uk/id/region/kingston-upon-thames,E09000021,2011-03,138,monthly,307489,619753,394361,291039,227599,2011-03-01
Kingston upon Thames,http://landregistry.data.gov.uk/id/region/kingston-upon-thames,E09000021,2011-04,165,monthly,301401,606591,385859,285327,223478,2011-04-01
Kingston upon Thames,http://landregistry.data.gov.uk/id/region/kingston-upon-thames,E09000021,2011-05,171,monthly,307574,610529,392969,291426,229212,2011-05-01
Kingston upon Thames,http://landregistry.data.gov.uk/id/region/kingston-upon-thames,E09000021,2011-06,215,monthly,306942,601016,392544,291236,229259,2011-06-01
Kingston upon Thames,http://landregistry.data.gov.uk/id/region/kingston-upon-thames,E09000021,2011-07,219,monthly,311674,606871,398792,295920,232981,2011-07-01
Kingston upon Thames,http://landregistry.data.gov.uk/id/region/kingston-upon-thames,E09000021,2011-08,235,monthly,313480,615891,403585,298369,232292,2011-08-01
Kingston upon Thames,http://landregistry.data.gov.uk/id/region/kingston-upon-thames,E09000021,2011-09,192,monthly,316079,626740,407509,300999,233280,2011-09-01
Kingston upon Thames,http://landregistry.data.gov.uk/id/region/kingston-upon-thames,E09000021,2011-10,190,monthly,318089,634108,411670,302838,233732,2011-10-01
Kingston upon Thames,http://landregistry.data.gov.uk/id/region/kingston-upon-thames,E09000021,2011-11,211,monthly,315898,629495,407618,299991,233026,2011-11-01
Kingston upon Thames,http://landregistry.data.gov.uk/id/region/kingston-upon-thames,E09000021,2011-12,223,monthly,319354,630888,411346,303087,236568,2011-12-01
Kingston upon Thames,http://landregistry.data.gov.uk/id/region/kingston-upon-thames,E09000021,2012-01,150,monthly,317886,625440,409700,302216,235412,2012-01-01
Kingston upon Thames,http://landregistry.data.gov.uk/id/region/kingston-upon-thames,E09000021,2012-02,143,monthly,317949,627425,410572,302777,234697,2012-02-01
Kingston upon Thames,http://landregistry.data.gov.uk/id/region/kingston-upon-thames,E09000021,2012-03,210,monthly,311914,616246,402836,297283,229984,2012-03-01
Kingston upon Thames,http://landregistry.data.gov.uk/id/region/kingston-upon-thames,E09000021,2012-04,147,monthly,312482,616540,402154,297700,231147,2012-04-01
Kingston upon Thames,http://landregistry.data.gov.uk/id/region/kingston-upon-thames,E09000021,2012-05,179,monthly,318792,623990,409194,304158,236587,2012-05-01
Kingston upon Thames,http://landregistry.data.gov.uk/id/region/kingston-upon-thames,E09000021,2012-06,191,monthly,322872,630938,414257,309478,239163,2012-06-01
Kingston upon Thames,http://landregistry.data.gov.uk/id/region/kingston-upon-thames,E09000021,2012-07,210,monthly,325938,638058,418451,312837,241020,2012-07-01
Kingston upon Thames,http://landregistry.data.gov.uk/id/region/kingston-upon-thames,E09000021,2012-08,260,monthly,329394,645670,423347,317186,242832,2012-08-01
Kingston upon Thames,http://landregistry.data.gov.uk/id/region/kingston-upon-thames,E09000021,2012-09,199,monthly,332547,654913,428085,319683,244787,2012-09-01
Kingston upon Thames,http://landregistry.data.gov.uk/id/region/kingston-upon-thames,E09000021,2012-10,212,monthly,336853,662213,433391,324059,248071,2012-10-01
Kingston upon Thames,http://landregistry.data.gov.uk/id/region/kingston-upon-thames,E09000021,2012-11,237,monthly,332016,653306,427152,319316,244494,2012-11-01
Kingston upon Thames,http://landregistry.data.gov.uk/id/region/kingston-upon-thames,E09000021,2012-12,209,monthly,336288,661240,432520,323874,247546,2012-12-01
Kingston upon Thames,http://landregistry.data.gov.uk/id/region/kingston-upon-thames,E09000021,2013-01,160,monthly,335602,663153,433593,322906,246018,2013-01-01
Kingston upon Thames,http://landregistry.data.gov.uk/id/region/kingston-upon-thames,E09000021,2013-02,150,monthly,337033,668038,436104,323541,246848,2013-02-01
