dataset/UK housing/kingston-upon-thames.csv
"Name","URI","Region GSS code","Period","Sales volume","Reporting period","Average price All property types","Average price Detached houses","Average price Semi-detached houses","Average price Terraced houses","Average price Flats and maisonettes","Pivotable date"
Kingston upon Thames,http://landregistry.data.gov.uk/id/region/kingston-upon-thames,E09000021,2013-03,172,monthly,337695,670047,436698,322632,247922,2013-03-01
Kingston upon Thames,http://landregistry.data.gov.uk/id/region/kingston-upon-thames,E09000021,2013-04,164,monthly,341148,674664,438507,326374,251523,2013-04-01
Kingston upon Thames,http://landregistry.data.gov.uk/id/region/kingston-upon-thames,E09000021,2013-05,219,monthly,346125,682843,444161,331101,255648,2013-05-01
Kingston upon Thames,http://landregistry.data.gov.uk/id/region/kingston-upon-thames,E09000021,2013-06,234,monthly,342178,673985,439601,328361,252245,2013-06-01
Kingston upon Thames,http://landregistry.data.gov.uk/id/region/kingston-upon-thames,E09000021,2013-07,286,monthly,341029,671203,439157,327550,250936,2013-07-01
Kingston upon Thames,http://landregistry.data.gov.uk/id/region/kingston-upon-thames,E09000021,2013-08,303,monthly,341751,672670,440801,328868,250952,2013-08-01
Kingston upon Thames,http://landregistry.data.gov.uk/id/region/kingston-upon-thames,E09000021,2013-09,259,monthly,350119,692289,451657,336688,256867,2013-09-01
Kingston upon Thames,http://landregistry.data.gov.uk/id/region/kingston-upon-thames,E09000021,2013-10,294,monthly,354994,702797,458158,340847,260480,2013-10-01
Kingston upon Thames,http://landregistry.data.gov.uk/id/region/kingston-upon-thames,E09000021,2013-11,279,monthly,358743,709205,462477,344320,263573,2013-11-01
Kingston upon Thames,http://landregistry.data.gov.uk/id/region/kingston-upon-thames,E09000021,2013-12,244,monthly,362452,711216,466916,348340,266755,2013-12-01
Kingston upon Thames,http://landregistry.data.gov.uk/id/region/kingston-upon-thames,E09000021,2014-01,232,monthly,369306,725686,475903,354858,271670,2014-01-01
Kingston upon Thames,http://landregistry.data.gov.uk/id/region/kingston-upon-thames,E09000021,2014-02,217,monthly,376687,742587,485749,361810,276789,2014-02-01
Kingston upon Thames,http://landregistry.data.gov.uk/id/region/kingston-upon-thames,E09000021,2014-03,205,monthly,384835,759751,496006,369435,282700,2014-03-01
Kingston upon Thames,http://landregistry.data.gov.uk/id/region/kingston-upon-thames,E09000021,2014-04,247,monthly,391613,772193,504098,376463,287757,2014-04-01
Kingston upon Thames,http://landregistry.data.gov.uk/id/region/kingston-upon-thames,E09000021,2014-05,223,monthly,395975,777040,508856,381485,291216,2014-05-01
Kingston upon Thames,http://landregistry.data.gov.uk/id/region/kingston-upon-thames,E09000021,2014-06,245,monthly,404272,791830,519463,390058,297260,2014-06-01
Kingston upon Thames,http://landregistry.data.gov.uk/id/region/kingston-upon-thames,E09000021,2014-07,306,monthly,414460,810992,533790,400556,304259,2014-07-01
Kingston upon Thames,http://landregistry.data.gov.uk/id/region/kingston-upon-thames,E09000021,2014-08,299,monthly,426372,837058,550973,412605,312114,2014-08-01
Kingston upon Thames,http://landregistry.data.gov.uk/id/region/kingston-upon-thames,E09000021,2014-09,299,monthly,427663,843060,554207,413893,312351,2014-09-01
Kingston upon Thames,http://landregistry.data.gov.uk/id/region/kingston-upon-thames,E09000021,2014-10,298,monthly,425277,838967,550837,410848,310877,2014-10-01
Kingston upon Thames,http://landregistry.data.gov.uk/id/region/kingston-upon-thames,E09000021,2014-11,245,monthly,427596,844015,553463,412430,312849,2014-11-01
Kingston upon Thames,http://landregistry.data.gov.uk/id/region/kingston-upon-thames,E09000021,2014-12,242,monthly,429222,846390,554494,413222,314648,2014-12-01
Kingston upon Thames,http://landregistry.data.gov.uk/id/region/kingston-upon-thames,E09000021,2015-01,184,monthly,426903,841557,551574,410529,313098,2015-01-01
Kingston upon Thames,http://landregistry.data.gov.uk/id/region/kingston-upon-thames,E09000021,2015-02,190,monthly,421760,830737,544098,404468,310046,2015-02-01
Kingston upon Thames,http://landregistry.data.gov.uk/id/region/kingston-upon-thames,E09000021,2015-03,181,monthly,424484,835643,547725,406406,312381,2015-03-01
Kingston upon Thames,http://landregistry.data.gov.uk/id/region/kingston-upon-thames,E09000021,2015-04,210,monthly,430152,847879,554781,412626,316251,2015-04-01
Kingston upon Thames,http://landregistry.data.gov.uk/id/region/kingston-upon-thames,E09000021,2015-05,202,monthly,428175,841587,552308,411115,314839,2015-05-01
Kingston upon Thames,http://landregistry.data.gov.uk/id/region/kingston-upon-thames,E09000021,2015-06,236,monthly,429603,845130,555118,414284,314788,2015-06-01
Kingston upon Thames,http://landregistry.data.gov.uk/id/region/kingston-upon-thames,E09000021,2015-07,261,monthly,434523,852548,561986,419175,318352,2015-07-01
Kingston upon Thames,http://landregistry.data.gov.uk/id/region/kingston-upon-thames,E09000021,2015-08,236,monthly,449426,883240,582200,434391,328478,2015-08-01
Kingston upon Thames,http://landregistry.data.gov.uk/id/region/kingston-upon-thames,E09000021,2015-09,210,monthly,450685,889381,584050,434641,329356,2015-09-01
Kingston upon Thames,http://landregistry.data.gov.uk/id/region/kingston-upon-thames,E09000021,2015-10,265,monthly,450729,892085,585033,434967,328712,2015-10-01
Kingston upon Thames,http://landregistry.data.gov.uk/id/region/kingston-upon-thames,E09000021,2015-11,222,monthly,449013,890467,583253,433137,327203,2015-11-01
Kingston upon Thames,http://landregistry.data.gov.uk/id/region/kingston-upon-thames,E09000021,2015-12,229,monthly,460578,912006,598555,444389,335617,2015-12-01
Kingston upon Thames,http://landregistry.data.gov.uk/id/region/kingston-upon-thames,E09000021,2016-01,170,monthly,465254,919829,605682,448017,339104,2016-01-01
Kingston upon Thames,http://landregistry.data.gov.uk/id/region/kingston-upon-thames,E09000021,2016-02,209,monthly,468323,927585,610198,450296,341256,2016-02-01
Kingston upon Thames,http://landregistry.data.gov.uk/id/region/kingston-upon-thames,E09000021,2016-03,416,monthly,470972,934605,613294,452173,343411,2016-03-01
Kingston upon Thames,http://landregistry.data.gov.uk/id/region/kingston-upon-thames,E09000021,2016-04,115,monthly,478030,946534,619169,460098,349520,2016-04-01
Kingston upon Thames,http://landregistry.data.gov.uk/id/region/kingston-upon-thames,E09000021,2016-05,129,monthly,488828,959349,630076,471206,359049,2016-05-01
Kingston upon Thames,http://landregistry.data.gov.uk/id/region/kingston-upon-thames,E09000021,2016-06,165,monthly,495559,968086,636643,478346,364922,2016-06-01
Kingston upon Thames,http://landregistry.data.gov.uk/id/region/kingston-upon-thames,E09000021,2016-07,203,monthly,497134,971191,639986,479137,365868,2016-07-01
Kingston upon Thames,http://landregistry.data.gov.uk/id/region/kingston-upon-thames,E09000021,2016-08,176,monthly,491205,962985,633282,473314,360894,2016-08-01
Kingston upon Thames,http://landregistry.data.gov.uk/id/region/kingston-upon-thames,E09000021,2016-09,143,monthly,482733,945610,623979,464566,354362,2016-09-01
Kingston upon Thames,http://landregistry.data.gov.uk/id/region/kingston-upon-thames,E09000021,2016-10,149,monthly,484221,950149,625754,464221,356036,2016-10-01
Kingston upon Thames,http://landregistry.data.gov.uk/id/region/kingston-upon-thames,E09000021,2016-11,152,monthly,486864,958785,629016,465231,358304,2016-11-01
Kingston upon Thames,http://landregistry.data.gov.uk/id/region/kingston-upon-thames,E09000021,2016-12,188,monthly,490878,967895,632769,468428,361924,2016-12-01
Kingston upon Thames,http://landregistry.data.gov.uk/id/region/kingston-upon-thames,E09000021,2017-01,121,monthly,487327,961174,627595,465943,359156,2017-01-01
Kingston upon Thames,http://landregistry.data.gov.uk/id/region/kingston-upon-thames,E09000021,2017-02,141,monthly,491493,966501,631055,469496,363303,2017-02-01
Kingston upon Thames,http://landregistry.data.gov.uk/id/region/kingston-upon-thames,E09000021,2017-03,181,monthly,485291,954330,622453,463162,359078,2017-03-01
Kingston upon Thames,http://landregistry.data.gov.uk/id/region/kingston-upon-thames,E09000021,2017-04,133,monthly,490757,965938,627950,467285,363998,2017-04-01
Kingston upon Thames,http://landregistry.data.gov.uk/id/region/kingston-upon-thames,E09000021,2017-05,184,monthly,490578,962704,627963,466452,364262,2017-05-01
Kingston upon Thames,http://landregistry.data.gov.uk/id/region/kingston-upon-thames,E09000021,2017-06,178,monthly,498756,974244,637736,474869,370725,2017-06-01
Kingston upon Thames,http://landregistry.data.gov.uk/id/region/kingston-upon-thames,E09000021,2017-07,196,monthly,495344,963276,634271,471589,368230,2017-07-01
Kingston upon Thames,http://landregistry.data.gov.uk/id/region/kingston-upon-thames,E09000021,2017-08,221,monthly,493796,963107,633445,471614,365870,2017-08-01
Kingston upon Thames,http://landregistry.data.gov.uk/id/region/kingston-upon-thames,E09000021,2017-09,154,monthly,497972,976602,641036,475273,367833,2017-09-01
Kingston upon Thames,http://landregistry.data.gov.uk/id/region/kingston-upon-thames,E09000021,2017-10,156,monthly,498162,981177,642360,475407,367258,2017-10-01
Kingston upon Thames,http://landregistry.data.gov.uk/id/region/kingston-upon-thames,E09000021,2017-11,188,monthly,492822,970606,636133,470000,363202,2017-11-01
Kingston upon Thames,http://landregistry.data.gov.uk/id/region/kingston-upon-thames,E09000021,2017-12,154,monthly,485525,955603,626581,464085,357543,2017-12-01
Kingston upon Thames,http://landregistry.data.gov.uk/id/region/kingston-upon-thames,E09000021,2018-01,140,monthly,489984,962395,632757,468697,360710,2018-01-01
Kingston upon Thames,http://landregistry.data.gov.uk/id/region/kingston-upon-thames,E09000021,2018-02,120,monthly,492696,969871,637346,471875,361899,2018-02-01
Kingston upon Thames,http://landregistry.data.gov.uk/id/region/kingston-upon-thames,E09000021,2018-03,181,monthly,494430,970838,641003,474007,362671,2018-03-01
Kingston upon Thames,http://landregistry.data.gov.uk/id/region/kingston-upon-thames,E09000021,2018-04,128,monthly,493941,970113,641606,475579,360973,2018-04-01
Kingston upon Thames,http://landregistry.data.gov.uk/id/region/kingston-upon-thames,E09000021,2018-05,165,monthly,501516,984118,652364,483796,365840,2018-05-01
Kingston upon Thames,http://landregistry.data.gov.uk/id/region/kingston-upon-thames,E09000021,2018-06,183,monthly,511260,1006411,666409,492365,372358,2018-06-01
Kingston upon Thames,http://landregistry.data.gov.uk/id/region/kingston-upon-thames,E09000021,2018-07,181,monthly,510219,1009415,665159,490733,371307,2018-07-01
Kingston upon Thames,http://landregistry.data.gov.uk/id/region/kingston-upon-thames,E09000021,2018-08,218,monthly,505055,1001898,658808,486034,367022,2018-08-01
Kingston upon Thames,http://landregistry.data.gov.uk/id/region/kingston-upon-thames,E09000021,2018-09,169,monthly,495582,984591,646323,477435,359855,2018-09-01
Kingston upon Thames,http://landregistry.data.gov.uk/id/region/kingston-upon-thames,E09000021,2018-10,227,monthly,492323,977738,642176,474410,357437,2018-10-01
Kingston upon Thames,http://landregistry.data.gov.uk/id/region/kingston-upon-thames,E09000021,2018-11,201,monthly,491682,980348,641885,473408,356511,2018-11-01
Kingston upon Thames,http://landregistry.data.gov.uk/id/region/kingston-upon-thames,E09000021,2018-12,181,monthly,485688,967725,634581,467133,352195,2018-12-01
Kingston upon Thames,http://landregistry.data.gov.uk/id/region/kingston-upon-thames,E09000021,2019-01,153,monthly,482032,961816,630446,463051,349351,2019-01-01
Kingston upon Thames,http://landregistry.data.gov.uk/id/region/kingston-upon-thames,E09000021,2019-02,166,monthly,475365,947305,621856,456256,344700,2019-02-01
Kingston upon Thames,http://landregistry.data.gov.uk/id/region/kingston-upon-thames,E09000021,2019-03,191,monthly,474572,946121,620982,456529,343567,2019-03-01
Kingston upon Thames,http://landregistry.data.gov.uk/id/region/kingston-upon-thames,E09000021,2019-04,143,monthly,474337,943755,619850,458022,343166,2019-04-01
Kingston upon Thames,http://landregistry.data.gov.uk/id/region/kingston-upon-thames,E09000021,2019-05,170,monthly,472454,936929,617661,457734,341314,2019-05-01
Kingston upon Thames,http://landregistry.data.gov.uk/id/region/kingston-upon-thames,E09000021,2019-06,161,monthly,484123,957961,632899,469357,349814,2019-06-01
Kingston upon Thames,http://landregistry.data.gov.uk/id/region/kingston-upon-thames,E09000021,2019-07,215,monthly,501485,990581,656907,485990,362068,2019-07-01
Kingston upon Thames,http://landregistry.data.gov.uk/id/region/kingston-upon-thames,E09000021,2019-08,219,monthly,506260,1001455,663867,490943,364949,2019-08-01
Kingston upon Thames,http://landregistry.data.gov.uk/id/region/kingston-upon-thames,E09000021,2019-09,165,monthly,502671,997237,658537,488211,362020,2019-09-01
Kingston upon Thames,http://landregistry.data.gov.uk/id/region/kingston-upon-thames,E09000021,2019-10,212,monthly,486686,968423,639406,472045,349772,2019-10-01
Kingston upon Thames,http://landregistry.data.gov.uk/id/region/kingston-upon-thames,E09000021,2019-11,214,monthly,490723,978199,645200,475446,352531,2019-11-01
Kingston upon Thames,http://landregistry.data.gov.uk/id/region/kingston-upon-thames,E09000021,2019-12,178,monthly,489050,976644,643707,473565,350981,2019-12-01
Kingston upon Thames,http://landregistry.data.gov.uk/id/region/kingston-upon-thames,E09000021,2020-01,139,monthly,489836,977484,645037,475602,350946,2020-01-01
Kingston upon Thames,http://landregistry.data.gov.uk/id/region/kingston-upon-thames,E09000021,2020-02,156,monthly,485528,973853,641497,472572,346234,2020-02-01
Kingston upon Thames,http://landregistry.data.gov.uk/id/region/kingston-upon-thames,E09000021,2020-03,156,monthly,485856,976777,644395,473361,345087,2020-03-01
Kingston upon Thames,http://landregistry.data.gov.uk/id/region/kingston-upon-thames,E09000021,2020-04,74,monthly,487345,987347,647316,476770,344505,2020-04-01
Kingston upon Thames,http://landregistry.data.gov.uk/id/region/kingston-upon-thames,E09000021,2020-05,55,monthly,485279,980517,643292,473706,344057,2020-05-01
Kingston upon Thames,http://landregistry.data.gov.uk/id/region/kingston-upon-thames,E09000021,2020-06,88,monthly,480479,968770,638517,470734,339660,2020-06-01
Kingston upon Thames,http://landregistry.data.gov.uk/id/region/kingston-upon-thames,E09000021,2020-07,155,monthly,486150,974246,645689,475596,344511,2020-07-01
Kingston upon Thames,http://landregistry.data.gov.uk/id/region/kingston-upon-thames,E09000021,2020-08,159,monthly,499763,1005738,667026,490773,352099,2020-08-01
Kingston upon Thames,http://landregistry.data.gov.uk/id/region/kingston-upon-thames,E09000021,2020-09,162,monthly,502063,1015953,671416,493102,352851,2020-09-01
Kingston upon Thames,http://landregistry.data.gov.uk/id/region/kingston-upon-thames,E09000021,2020-10,191,monthly,497516,1012525,667841,490377,347778,2020-10-01
Kingston upon Thames,http://landregistry.data.gov.uk/id/region/kingston-upon-thames,E09000021,2020-11,213,monthly,492856,1004469,661934,486964,343860,2020-11-01
Kingston upon Thames,http://landregistry.data.gov.uk/id/region/kingston-upon-thames,E09000021,2020-12,220,monthly,496078,1012645,666682,491108,345497,2020-12-01
Kingston upon Thames,http://landregistry.data.gov.uk/id/region/kingston-upon-thames,E09000021,2021-01,175,monthly,501450,1023103,673006,495864,349762,2021-01-01
Kingston upon Thames,http://landregistry.data.gov.uk/id/region/kingston-upon-thames,E09000021,2021-02,244,monthly,502749,1025742,674385,497403,350637,2021-02-01
Kingston upon Thames,http://landregistry.data.gov.uk/id/region/kingston-upon-thames,E09000021,2021-03,365,monthly,507995,1035294,681224,502741,354357,2021-03-01
Kingston upon Thames,http://landregistry.data.gov.uk/id/region/kingston-upon-thames,E09000021,2021-04,198,monthly,504853,1030777,676363,499269,352345,2021-04-01
Kingston upon Thames,http://landregistry.data.gov.uk/id/region/kingston-upon-thames,E09000021,2021-05,164,monthly,506475,1037255,678998,500488,353141,2021-05-01
Kingston upon Thames,http://landregistry.data.gov.uk/id/region/kingston-upon-thames,E09000021,2021-06,496,monthly,513972,1054225,689888,509697,357319,2021-06-01
Kingston upon Thames,http://landregistry.data.gov.uk/id/region/kingston-upon-thames,E09000021,2021-07,36,monthly,512530,1054032,687836,506817,356592,2021-07-01
Kingston upon Thames,http://landregistry.data.gov.uk/id/region/kingston-upon-thames,E09000021,2021-08,65,monthly,519360,1074481,699913,512663,360023,2021-08-01
Kingston upon Thames,http://landregistry.data.gov.uk/id/region/kingston-upon-thames,E09000021,2021-09,126,monthly,527384,1098062,711507,518015,365510,2021-09-01
Kingston upon Thames,http://landregistry.data.gov.uk/id/region/kingston-upon-thames,E09000021,2021-10,,monthly,540545,1134435,733490,530758,372346,2021-10-01
Kingston upon Thames,http://landregistry.data.gov.uk/id/region/kingston-upon-thames,E09000021,2021-11,,monthly,541681,1135531,737087,531808,372549,2021-11-01
